// 同步 ID: f60dae9d @ Wed Jul 22 13:20:30 UTC 2026
// 同步 ID: 8308d6f4 @ Thu Jul 23 00:19:58 UTC 2026
// 重构日志: c78292cf
// 重构日志: ffe390f1
// 重构日志: 585dee33
// 同步 ID: d10496e1 @ Sat Jul 25 05:42:19 UTC 2026
// 同步 ID: 0a2f73f6 @ Sat Jul 25 17:41:01 UTC 2026
// 同步 ID: 86fd4ca2 @ Sun Jul 26 01:44:43 UTC 2026
// 同步 ID: eb5c01d4 @ Sun Jul 26 08:28:54 UTC 2026
// 同步 ID: a3d066ab @ Sun Jul 26 12:31:50 UTC 2026
// 重构日志: f0919512
// 同步 ID: e2176207 @ Mon Jul 27 01:53:14 UTC 2026
// 重构日志: 9301637f
// 重构日志: 7a3fb661
// 同步 ID: 10faa201 @ Wed Jul 29 16:22:28 UTC 2026
// 重构日志: f549b05f
// 重构日志: c02fc2ee
// 重构日志: da4e6555
// 重构日志: e507e4ca
// 同步 ID: b2a482d4 @ Thu Jul 30 17:43:43 UTC 2026
// 同步 ID: 88e960d3 @ Sat Aug  1 05:29:39 UTC 2026
// 重构日志: 3e232a25
// 重构日志: 4366d8e1
// 重构日志: a8bffe4b
// 重构日志: 26f7f1ce
// 重构日志: 16962245
// 重构日志: 5f346dbb
// 重构日志: 316dda31
// 重构日志: bdb2f632
// 同步 ID: 13f9ce57 @ Tue Aug  4 10:44:22 UTC 2026
// 重构日志: 4bb136cd
// 重构日志: 979e1051
